// Jest Snapshot v1, https://goo.gl/fbAQLP

exports[`Button should render 1`] = `
.c0 {
  border-radius: 4px;
  background-color: #000;
  color: #fff;
  font-size: 14px;
  height: 48px;
  font-weight: 700;
  outline: none;
  border: 1px solid #000;
  padding: 0 8px;
}

<body>
  <div>
    <button
      class="c0"
    />
  </div>
</body>
`;
