// Jest Snapshot v1, https://goo.gl/fbAQLP

exports[`MainNav should render 1`] = `
.c0 {
  height: 100vh;
  background: #111111;
  width: 220px;
  padding: 35px 0 180px;
}

.c1 {
  display: -webkit-box;
  display: -webkit-flex;
  display: -ms-flexbox;
  display: flex;
  -webkit-flex-direction: column;
  -ms-flex-direction: column;
  flex-direction: column;
  -webkit-align-items: center;
  -webkit-box-align: center;
  -ms-flex-align: center;
  align-items: center;
  -webkit-box-pack: center;
  -webkit-justify-content: center;
  -ms-flex-pack: center;
  justify-content: center;
}

.c2 {
  margin-bottom: 50px;
}

<body>
  <div>
    <div
      class="c0"
    >
      <div
        class="c1"
      >
        <div
          class="c2"
        >
          <div>
            <div>
              <div
                data-src="../../../assets/hundo-light.svg"
                src=""
              />
            </div>
          </div>
        </div>
      </div>
    </div>
  </div>
</body>
`;
